[2026-06-05 17:23:05] === Memulai Pipeline Pembersihan Kasus Baru untuk 30 Dokumen ===
[2026-06-05 17:23:06] BERHASIL: 'putusan_10_pk_pdt.sus-hki_2024_20260509122228.pdf' -> 'putusan_10_pk_pdt.sus-hki_2024_20260509122228.txt' (Lolos (Rasio: 0.89, Kata kunci ditemukan: ['mengadili', 'putusan', 'menimbang', 'merek']))
[2026-06-05 17:23:07] BERHASIL: 'putusan_122_b_2025_pttun_jkt_20260509111605.pdf' -> 'putusan_122_b_2025_pttun_jkt_20260509111605.txt' (Lolos (Rasio: 0.85, Kata kunci ditemukan: ['mengadili', 'putusan', 'menimbang', 'merek']))
[2026-06-05 17:23:07] BERHASIL: 'putusan_1334_k_pdt.sus-hki_2024_20260506131339.pdf' -> 'putusan_1334_k_pdt.sus-hki_2024_20260506131339.txt' (Lolos (Rasio: 0.88, Kata kunci ditemukan: ['mengadili', 'putusan', 'menimbang', 'merek']))
[2026-06-05 17:23:07] BERHASIL: 'putusan_16_pk_pdt.sus-hki_2025_20260430090544.pdf' -> 'putusan_16_pk_pdt.sus-hki_2025_20260430090544.txt' (Lolos (Rasio: 0.88, Kata kunci ditemukan: ['mengadili', 'putusan', 'menimbang', 'merek']))
[2026-06-05 17:23:07] BERHASIL: 'putusan_172_k_pdt.sus-hki_2024_20260503011819.pdf' -> 'putusan_172_k_pdt.sus-hki_2024_20260503011819.txt' (Lolos (Rasio: 0.89, Kata kunci ditemukan: ['mengadili', 'putusan', 'menimbang', 'merek']))
[2026-06-05 17:23:08] BERHASIL: 'putusan_27_pk_pdt.sus-hki_2024_20260509111856.pdf' -> 'putusan_27_pk_pdt.sus-hki_2024_20260509111856.txt' (Lolos (Rasio: 0.89, Kata kunci ditemukan: ['mengadili', 'putusan', 'menimbang', 'merek']))
[2026-06-05 17:23:08] BERHASIL: 'putusan_302_b_2024_pt.tun.jkt_20260509112354.pdf' -> 'putusan_302_b_2024_pt.tun.jkt_20260509112354.txt' (Lolos (Rasio: 0.86, Kata kunci ditemukan: ['mengadili', 'putusan', 'menimbang']))
[2026-06-05 17:23:08] BERHASIL: 'putusan_32_pk_pdt.sus-hki_2024_20260509111742.pdf' -> 'putusan_32_pk_pdt.sus-hki_2024_20260509111742.txt' (Lolos (Rasio: 0.89, Kata kunci ditemukan: ['mengadili', 'putusan', 'menimbang', 'merek']))
[2026-06-05 17:23:09] BERHASIL: 'putusan_35_pk_pdt.sus-hki_2024_20260509111941.pdf' -> 'putusan_35_pk_pdt.sus-hki_2024_20260509111941.txt' (Lolos (Rasio: 0.88, Kata kunci ditemukan: ['mengadili', 'putusan', 'menimbang', 'merek']))
[2026-06-05 17:23:09] BERHASIL: 'putusan_360_k_pdt.sus-hki_2024_20260509122251.pdf' -> 'putusan_360_k_pdt.sus-hki_2024_20260509122251.txt' (Lolos (Rasio: 0.88, Kata kunci ditemukan: ['putusan', 'menimbang', 'merek']))
[2026-06-05 17:23:09] BERHASIL: 'putusan_396_k_pdt.sus-hki_2024_20260506094206.pdf' -> 'putusan_396_k_pdt.sus-hki_2024_20260506094206.txt' (Lolos (Rasio: 0.90, Kata kunci ditemukan: ['mengadili', 'putusan', 'menimbang', 'merek']))
[2026-06-05 17:23:09] BERHASIL: 'putusan_40_pk_pdt.sus-hki_2024_20260509112351.pdf' -> 'putusan_40_pk_pdt.sus-hki_2024_20260509112351.txt' (Lolos (Rasio: 0.87, Kata kunci ditemukan: ['mengadili', 'putusan', 'menimbang', 'merek']))
[2026-06-05 17:23:09] BERHASIL: 'putusan_42_pk_pdt.sus-hki_2024_20260509112017.pdf' -> 'putusan_42_pk_pdt.sus-hki_2024_20260509112017.txt' (Lolos (Rasio: 0.90, Kata kunci ditemukan: ['mengadili', 'putusan', 'menimbang', 'merek']))
[2026-06-05 17:23:09] BERHASIL: 'putusan_43_pk_pdt.sus-hki_2024_20260509112042.pdf' -> 'putusan_43_pk_pdt.sus-hki_2024_20260509112042.txt' (Lolos (Rasio: 0.90, Kata kunci ditemukan: ['mengadili', 'putusan', 'menimbang', 'merek']))
[2026-06-05 17:23:10] BERHASIL: 'putusan_466_k_pdt.sus-hki_2024_20260509122242.pdf' -> 'putusan_466_k_pdt.sus-hki_2024_20260509122242.txt' (Lolos (Rasio: 0.88, Kata kunci ditemukan: ['putusan', 'menimbang', 'merek']))
[2026-06-05 17:23:10] BERHASIL: 'putusan_511_k_pdt.sus-hki_2024_20260505085144.pdf' -> 'putusan_511_k_pdt.sus-hki_2024_20260505085144.txt' (Lolos (Rasio: 0.88, Kata kunci ditemukan: ['mengadili', 'putusan', 'menimbang', 'merek']))
[2026-06-05 17:23:10] BERHASIL: 'putusan_51_pk_pdt.sus-hki_2024_20260509112138.pdf' -> 'putusan_51_pk_pdt.sus-hki_2024_20260509112138.txt' (Lolos (Rasio: 0.89, Kata kunci ditemukan: ['mengadili', 'putusan', 'menimbang', 'merek']))
[2026-06-05 17:23:11] BERHASIL: 'putusan_52_pk_pdt.sus-hki_2024_20260507180443.pdf' -> 'putusan_52_pk_pdt.sus-hki_2024_20260507180443.txt' (Lolos (Rasio: 0.87, Kata kunci ditemukan: ['mengadili', 'putusan', 'menimbang', 'merek']))
[2026-06-05 17:23:11] BERHASIL: 'putusan_532_k_pdt.sus-hki_2024_20260507042517.pdf' -> 'putusan_532_k_pdt.sus-hki_2024_20260507042517.txt' (Lolos (Rasio: 0.89, Kata kunci ditemukan: ['mengadili', 'putusan', 'menimbang', 'merek']))
[2026-06-05 17:23:11] BERHASIL: 'putusan_61_pk_pdt.sus-hki_2024_20260509111946.pdf' -> 'putusan_61_pk_pdt.sus-hki_2024_20260509111946.txt' (Lolos (Rasio: 0.89, Kata kunci ditemukan: ['putusan', 'menimbang', 'merek']))
[2026-06-05 17:23:11] BERHASIL: 'putusan_623_k_pdt.sus-hki_2024_20260507094541.pdf' -> 'putusan_623_k_pdt.sus-hki_2024_20260507094541.txt' (Lolos (Rasio: 0.89, Kata kunci ditemukan: ['mengadili', 'putusan', 'menimbang', 'merek']))
[2026-06-05 17:23:11] BERHASIL: 'putusan_654_k_pdt.sus-hki_2024_20260507044233.pdf' -> 'putusan_654_k_pdt.sus-hki_2024_20260507044233.txt' (Lolos (Rasio: 0.88, Kata kunci ditemukan: ['mengadili', 'putusan', 'menimbang', 'merek']))
[2026-06-05 17:23:12] BERHASIL: 'putusan_76_k_pdt.sus-hki_2024_20260430185726.pdf' -> 'putusan_76_k_pdt.sus-hki_2024_20260430185726.txt' (Lolos (Rasio: 0.88, Kata kunci ditemukan: ['mengadili', 'putusan', 'menimbang', 'merek']))
[2026-06-05 17:23:12] BERHASIL: 'putusan_791_k_pdt.sus-hki_2024_20260508143712.pdf' -> 'putusan_791_k_pdt.sus-hki_2024_20260508143712.txt' (Lolos (Rasio: 0.86, Kata kunci ditemukan: ['putusan', 'menimbang', 'merek']))
[2026-06-05 17:23:12] BERHASIL: 'putusan_830_k_pdt.sus-hki_2024_20260507093906.pdf' -> 'putusan_830_k_pdt.sus-hki_2024_20260507093906.txt' (Lolos (Rasio: 0.90, Kata kunci ditemukan: ['mengadili', 'putusan', 'menimbang', 'merek']))
[2026-06-05 17:23:13] BERHASIL: 'putusan_831_k_pdt.sus-hki_2024_20260506224537.pdf' -> 'putusan_831_k_pdt.sus-hki_2024_20260506224537.txt' (Lolos (Rasio: 0.90, Kata kunci ditemukan: ['mengadili', 'putusan', 'menimbang', 'merek']))
[2026-06-05 17:23:13] BERHASIL: 'putusan_947_k_pdt.sus-hki_2024_20260429104716.pdf' -> 'putusan_947_k_pdt.sus-hki_2024_20260429104716.txt' (Lolos (Rasio: 0.90, Kata kunci ditemukan: ['mengadili', 'putusan', 'menimbang', 'merek']))
[2026-06-05 17:23:13] BERHASIL: 'putusan_984_k_pdt.sus-hki_2024_20260509112330.pdf' -> 'putusan_984_k_pdt.sus-hki_2024_20260509112330.txt' (Lolos (Rasio: 0.89, Kata kunci ditemukan: ['mengadili', 'putusan', 'menimbang', 'merek']))
[2026-06-05 17:23:13] BERHASIL: 'putusan_989_k_pdt.sus-hki_2024_20260509112127.pdf' -> 'putusan_989_k_pdt.sus-hki_2024_20260509112127.txt' (Lolos (Rasio: 0.89, Kata kunci ditemukan: ['mengadili', 'putusan', 'menimbang', 'merek']))
[2026-06-05 17:23:13] BERHASIL: 'putusan_995_k_pdt.sus-hki_2024_20260507125222.pdf' -> 'putusan_995_k_pdt.sus-hki_2024_20260507125222.txt' (Lolos (Rasio: 0.89, Kata kunci ditemukan: ['mengadili', 'putusan', 'menimbang', 'merek']))
[2026-06-05 19:42:22] === Memulai Pipeline Pembersihan Kasus Baru untuk 69 Dokumen ===
[2026-06-05 19:42:22] BERHASIL: 'putusan_1051_k_pdt.sus-hki_2023_20260604093712.pdf' -> 'putusan_1051_k_pdt.sus-hki_2023_20260604093712.txt' (Lolos (Rasio: 0.89, Kata kunci ditemukan: ['mengadili', 'putusan', 'menimbang', 'merek']))
[2026-06-05 19:42:23] BERHASIL: 'putusan_1060_k_pdt.sus-hki_2023_20260604102858.pdf' -> 'putusan_1060_k_pdt.sus-hki_2023_20260604102858.txt' (Lolos (Rasio: 0.89, Kata kunci ditemukan: ['mengadili', 'putusan', 'menimbang', 'merek']))
[2026-06-05 19:42:23] BERHASIL: 'putusan_10_pk_pdt.sus-hki_2024_20260509122228.pdf' -> 'putusan_10_pk_pdt.sus-hki_2024_20260509122228.txt' (Lolos (Rasio: 0.89, Kata kunci ditemukan: ['mengadili', 'putusan', 'menimbang', 'merek']))
[2026-06-05 19:42:23] BERHASIL: 'putusan_11_pk_pdt.sus-hki_2023_20260605192024.pdf' -> 'putusan_11_pk_pdt.sus-hki_2023_20260605192024.txt' (Lolos (Rasio: 0.90, Kata kunci ditemukan: ['mengadili', 'putusan', 'menimbang', 'merek']))
[2026-06-05 19:42:24] BERHASIL: 'putusan_122_b_2025_pttun_jkt_20260509111605.pdf' -> 'putusan_122_b_2025_pttun_jkt_20260509111605.txt' (Lolos (Rasio: 0.85, Kata kunci ditemukan: ['mengadili', 'putusan', 'menimbang', 'merek']))
[2026-06-05 19:42:24] BERHASIL: 'putusan_123_k_pdt.sus-hki_2023_20260605192325.pdf' -> 'putusan_123_k_pdt.sus-hki_2023_20260605192325.txt' (Lolos (Rasio: 0.89, Kata kunci ditemukan: ['mengadili', 'putusan', 'menimbang', 'merek']))
[2026-06-05 19:42:24] BERHASIL: 'putusan_124_k_pdt.sus-hki_2023_20260605192313.pdf' -> 'putusan_124_k_pdt.sus-hki_2023_20260605192313.txt' (Lolos (Rasio: 0.89, Kata kunci ditemukan: ['mengadili', 'putusan', 'menimbang', 'merek']))
[2026-06-05 19:42:24] BERHASIL: 'putusan_1286_k_pdt.sus-hki_2023_20260605190933.pdf' -> 'putusan_1286_k_pdt.sus-hki_2023_20260605190933.txt' (Lolos (Rasio: 0.88, Kata kunci ditemukan: ['mengadili', 'putusan', 'menimbang', 'merek']))
[2026-06-05 19:42:24] BERHASIL: 'putusan_1291_k_pdt.sus-hki_2023_20260605130419.pdf' -> 'putusan_1291_k_pdt.sus-hki_2023_20260605130419.txt' (Lolos (Rasio: 0.89, Kata kunci ditemukan: ['mengadili', 'putusan', 'menimbang', 'merek']))
[2026-06-05 19:42:24] BERHASIL: 'putusan_1297_k_pdt.sus-hki_2023_20260605190913.pdf' -> 'putusan_1297_k_pdt.sus-hki_2023_20260605190913.txt' (Lolos (Rasio: 0.88, Kata kunci ditemukan: ['mengadili', 'putusan', 'menimbang', 'merek']))
[2026-06-05 19:42:25] BERHASIL: 'putusan_1334_k_pdt.sus-hki_2024_20260506131339.pdf' -> 'putusan_1334_k_pdt.sus-hki_2024_20260506131339.txt' (Lolos (Rasio: 0.88, Kata kunci ditemukan: ['mengadili', 'putusan', 'menimbang', 'merek']))
[2026-06-05 19:42:25] BERHASIL: 'putusan_1379_k_pdt.sus-hki_2023_20260605130210.pdf' -> 'putusan_1379_k_pdt.sus-hki_2023_20260605130210.txt' (Lolos (Rasio: 0.87, Kata kunci ditemukan: ['mengadili', 'putusan', 'menimbang', 'merek']))
[2026-06-05 19:42:25] BERHASIL: 'putusan_1390_k_pdt.sus-hki_2023_20260605190937.pdf' -> 'putusan_1390_k_pdt.sus-hki_2023_20260605190937.txt' (Lolos (Rasio: 0.89, Kata kunci ditemukan: ['mengadili', 'putusan', 'menimbang', 'merek']))
[2026-06-05 19:42:25] BERHASIL: 'putusan_16_pk_pdt.sus-hki_2025_20260430090544.pdf' -> 'putusan_16_pk_pdt.sus-hki_2025_20260430090544.txt' (Lolos (Rasio: 0.88, Kata kunci ditemukan: ['mengadili', 'putusan', 'menimbang', 'merek']))
[2026-06-05 19:42:25] BERHASIL: 'putusan_172_k_pdt.sus-hki_2024_20260503011819.pdf' -> 'putusan_172_k_pdt.sus-hki_2024_20260503011819.txt' (Lolos (Rasio: 0.89, Kata kunci ditemukan: ['mengadili', 'putusan', 'menimbang', 'merek']))
[2026-06-05 19:42:26] BERHASIL: 'putusan_230_k_pdt.sus-hki_2023_20260605192201.pdf' -> 'putusan_230_k_pdt.sus-hki_2023_20260605192201.txt' (Lolos (Rasio: 0.87, Kata kunci ditemukan: ['mengadili', 'putusan', 'menimbang', 'merek']))
[2026-06-05 19:42:26] BERHASIL: 'putusan_267_k_pdt.sus-hki_2023_20260605191335.pdf' -> 'putusan_267_k_pdt.sus-hki_2023_20260605191335.txt' (Lolos (Rasio: 0.89, Kata kunci ditemukan: ['mengadili', 'putusan', 'menimbang', 'merek']))
[2026-06-05 19:42:26] BERHASIL: 'putusan_269_k_pdt.sus-hki_2023_20260605192002.pdf' -> 'putusan_269_k_pdt.sus-hki_2023_20260605192002.txt' (Lolos (Rasio: 0.89, Kata kunci ditemukan: ['mengadili', 'putusan', 'menimbang', 'merek']))
[2026-06-05 19:42:26] BERHASIL: 'putusan_27_pk_pdt.sus-hki_2024_20260509111856.pdf' -> 'putusan_27_pk_pdt.sus-hki_2024_20260509111856.txt' (Lolos (Rasio: 0.89, Kata kunci ditemukan: ['mengadili', 'putusan', 'menimbang', 'merek']))
[2026-06-05 19:42:26] BERHASIL: 'putusan_288_k_pdt.sus-hki_2023_20260605192300.pdf' -> 'putusan_288_k_pdt.sus-hki_2023_20260605192300.txt' (Lolos (Rasio: 0.87, Kata kunci ditemukan: ['mengadili', 'putusan', 'menimbang', 'merek']))
[2026-06-05 19:42:27] BERHASIL: 'putusan_289_k_pdt.sus-hki_2023_20260605192213.pdf' -> 'putusan_289_k_pdt.sus-hki_2023_20260605192213.txt' (Lolos (Rasio: 0.88, Kata kunci ditemukan: ['mengadili', 'putusan', 'menimbang', 'merek']))
[2026-06-05 19:42:27] BERHASIL: 'putusan_302_b_2024_pt.tun.jkt_20260509112354.pdf' -> 'putusan_302_b_2024_pt.tun.jkt_20260509112354.txt' (Lolos (Rasio: 0.86, Kata kunci ditemukan: ['mengadili', 'putusan', 'menimbang']))
[2026-06-05 19:42:27] BERHASIL: 'putusan_308_k_pdt.sus-hki_2023_20260605192124.pdf' -> 'putusan_308_k_pdt.sus-hki_2023_20260605192124.txt' (Lolos (Rasio: 0.89, Kata kunci ditemukan: ['mengadili', 'putusan', 'menimbang', 'merek']))
[2026-06-05 19:42:27] BERHASIL: 'putusan_316_k_pdt.sus-hki_2023_20260605192148.pdf' -> 'putusan_316_k_pdt.sus-hki_2023_20260605192148.txt' (Lolos (Rasio: 0.89, Kata kunci ditemukan: ['mengadili', 'putusan', 'menimbang', 'merek']))
[2026-06-05 19:42:28] BERHASIL: 'putusan_32_pk_pdt.sus-hki_2024_20260509111742.pdf' -> 'putusan_32_pk_pdt.sus-hki_2024_20260509111742.txt' (Lolos (Rasio: 0.89, Kata kunci ditemukan: ['mengadili', 'putusan', 'menimbang', 'merek']))
[2026-06-05 19:42:28] BERHASIL: 'putusan_35_pk_pdt.sus-hki_2024_20260509111941.pdf' -> 'putusan_35_pk_pdt.sus-hki_2024_20260509111941.txt' (Lolos (Rasio: 0.88, Kata kunci ditemukan: ['mengadili', 'putusan', 'menimbang', 'merek']))
[2026-06-05 19:42:28] BERHASIL: 'putusan_360_k_pdt.sus-hki_2024_20260509122251.pdf' -> 'putusan_360_k_pdt.sus-hki_2024_20260509122251.txt' (Lolos (Rasio: 0.88, Kata kunci ditemukan: ['putusan', 'menimbang', 'merek']))
[2026-06-05 19:42:28] BERHASIL: 'putusan_365_k_pdt.sus-hki_2023_20260605192112.pdf' -> 'putusan_365_k_pdt.sus-hki_2023_20260605192112.txt' (Lolos (Rasio: 0.90, Kata kunci ditemukan: ['mengadili', 'putusan', 'menimbang', 'merek']))
[2026-06-05 19:42:29] BERHASIL: 'putusan_378_k_pdt.sus-hki_2023_20260605192048.pdf' -> 'putusan_378_k_pdt.sus-hki_2023_20260605192048.txt' (Lolos (Rasio: 0.89, Kata kunci ditemukan: ['mengadili', 'putusan', 'menimbang', 'merek']))
[2026-06-05 19:42:29] BERHASIL: 'putusan_379_k_pdt.sus-hki_2023_20260605191235.pdf' -> 'putusan_379_k_pdt.sus-hki_2023_20260605191235.txt' (Lolos (Rasio: 0.89, Kata kunci ditemukan: ['mengadili', 'putusan', 'menimbang', 'merek']))
[2026-06-05 19:42:29] BERHASIL: 'putusan_37_pk_pdt.sus-hki_2023_20260605191222.pdf' -> 'putusan_37_pk_pdt.sus-hki_2023_20260605191222.txt' (Lolos (Rasio: 0.88, Kata kunci ditemukan: ['mengadili', 'putusan', 'menimbang', 'merek']))
[2026-06-05 19:42:29] BERHASIL: 'putusan_380_k_pdt.sus-hki_2023_20260605192136.pdf' -> 'putusan_380_k_pdt.sus-hki_2023_20260605192136.txt' (Lolos (Rasio: 0.89, Kata kunci ditemukan: ['mengadili', 'putusan', 'menimbang', 'merek']))
[2026-06-05 19:42:30] BERHASIL: 'putusan_396_k_pdt.sus-hki_2024_20260506094206.pdf' -> 'putusan_396_k_pdt.sus-hki_2024_20260506094206.txt' (Lolos (Rasio: 0.90, Kata kunci ditemukan: ['mengadili', 'putusan', 'menimbang', 'merek']))
[2026-06-05 19:42:30] BERHASIL: 'putusan_3_pk_pdt.sus-hki_2023_20260605192236.pdf' -> 'putusan_3_pk_pdt.sus-hki_2023_20260605192236.txt' (Lolos (Rasio: 0.90, Kata kunci ditemukan: ['mengadili', 'putusan', 'menimbang', 'merek']))
[2026-06-05 19:42:30] BERHASIL: 'putusan_40_pk_pdt.sus-hki_2024_20260509112351.pdf' -> 'putusan_40_pk_pdt.sus-hki_2024_20260509112351.txt' (Lolos (Rasio: 0.87, Kata kunci ditemukan: ['mengadili', 'putusan', 'menimbang', 'merek']))
[2026-06-05 19:42:31] BERHASIL: 'putusan_417_k_pdt.sus-hki_2023_20260605192249.pdf' -> 'putusan_417_k_pdt.sus-hki_2023_20260605192249.txt' (Lolos (Rasio: 0.88, Kata kunci ditemukan: ['mengadili', 'putusan', 'menimbang', 'merek']))
[2026-06-05 19:42:31] BERHASIL: 'putusan_42_pk_pdt.sus-hki_2024_20260509112017.pdf' -> 'putusan_42_pk_pdt.sus-hki_2024_20260509112017.txt' (Lolos (Rasio: 0.90, Kata kunci ditemukan: ['mengadili', 'putusan', 'menimbang', 'merek']))
[2026-06-05 19:42:31] BERHASIL: 'putusan_43_pk_pdt.sus-hki_2024_20260509112042.pdf' -> 'putusan_43_pk_pdt.sus-hki_2024_20260509112042.txt' (Lolos (Rasio: 0.90, Kata kunci ditemukan: ['mengadili', 'putusan', 'menimbang', 'merek']))
[2026-06-05 19:42:31] BERHASIL: 'putusan_45_pk_pdt.sus-hki_2023_20260605190955.pdf' -> 'putusan_45_pk_pdt.sus-hki_2023_20260605190955.txt' (Lolos (Rasio: 0.88, Kata kunci ditemukan: ['mengadili', 'putusan', 'menimbang', 'merek']))
[2026-06-05 19:42:32] BERHASIL: 'putusan_465_k_pdt.sus-hki_2023_20260605192003.pdf' -> 'putusan_465_k_pdt.sus-hki_2023_20260605192003.txt' (Lolos (Rasio: 0.90, Kata kunci ditemukan: ['mengadili', 'putusan', 'menimbang', 'merek']))
[2026-06-05 19:42:32] BERHASIL: 'putusan_466_k_pdt.sus-hki_2024_20260509122242.pdf' -> 'putusan_466_k_pdt.sus-hki_2024_20260509122242.txt' (Lolos (Rasio: 0.88, Kata kunci ditemukan: ['putusan', 'menimbang', 'merek']))
[2026-06-05 19:42:32] BERHASIL: 'putusan_46_pk_pdt.sus-hki_2023_20260605191003.pdf' -> 'putusan_46_pk_pdt.sus-hki_2023_20260605191003.txt' (Lolos (Rasio: 0.88, Kata kunci ditemukan: ['mengadili', 'putusan', 'menimbang', 'merek']))
[2026-06-05 19:42:32] BERHASIL: 'putusan_491_k_pdt.sus-hki_2023_20260605192017.pdf' -> 'putusan_491_k_pdt.sus-hki_2023_20260605192017.txt' (Lolos (Rasio: 0.88, Kata kunci ditemukan: ['mengadili', 'putusan', 'menimbang', 'merek']))
[2026-06-05 19:42:32] BERHASIL: 'putusan_493_k_pdt.sus-hki_2023_20260605192037.pdf' -> 'putusan_493_k_pdt.sus-hki_2023_20260605192037.txt' (Lolos (Rasio: 0.89, Kata kunci ditemukan: ['mengadili', 'putusan', 'menimbang', 'merek']))
[2026-06-05 19:42:32] BERHASIL: 'putusan_501_k_pdt.sus-hki_2023_20260605192100.pdf' -> 'putusan_501_k_pdt.sus-hki_2023_20260605192100.txt' (Lolos (Rasio: 0.90, Kata kunci ditemukan: ['mengadili', 'putusan', 'menimbang', 'merek']))
[2026-06-05 19:42:33] BERHASIL: 'putusan_511_k_pdt.sus-hki_2024_20260505085144.pdf' -> 'putusan_511_k_pdt.sus-hki_2024_20260505085144.txt' (Lolos (Rasio: 0.88, Kata kunci ditemukan: ['mengadili', 'putusan', 'menimbang', 'merek']))
[2026-06-05 19:42:33] BERHASIL: 'putusan_512_k_pdt.sus-hki_2023_20260605191522.pdf' -> 'putusan_512_k_pdt.sus-hki_2023_20260605191522.txt' (Lolos (Rasio: 0.88, Kata kunci ditemukan: ['mengadili', 'putusan', 'menimbang', 'merek']))
[2026-06-05 19:42:33] BERHASIL: 'putusan_51_pk_pdt.sus-hki_2024_20260509112138.pdf' -> 'putusan_51_pk_pdt.sus-hki_2024_20260509112138.txt' (Lolos (Rasio: 0.89, Kata kunci ditemukan: ['mengadili', 'putusan', 'menimbang', 'merek']))
[2026-06-05 19:42:33] BERHASIL: 'putusan_52_pk_pdt.sus-hki_2024_20260507180443.pdf' -> 'putusan_52_pk_pdt.sus-hki_2024_20260507180443.txt' (Lolos (Rasio: 0.87, Kata kunci ditemukan: ['mengadili', 'putusan', 'menimbang', 'merek']))
[2026-06-05 19:42:34] BERHASIL: 'putusan_532_k_pdt.sus-hki_2024_20260507042517.pdf' -> 'putusan_532_k_pdt.sus-hki_2024_20260507042517.txt' (Lolos (Rasio: 0.89, Kata kunci ditemukan: ['mengadili', 'putusan', 'menimbang', 'merek']))
[2026-06-05 19:42:34] BERHASIL: 'putusan_534_k_pdt.sus-hki_2023_20260605192009.pdf' -> 'putusan_534_k_pdt.sus-hki_2023_20260605192009.txt' (Lolos (Rasio: 0.89, Kata kunci ditemukan: ['mengadili', 'putusan', 'menimbang', 'merek']))
[2026-06-05 19:42:34] BERHASIL: 'putusan_54_pk_pdt.sus-hki_2023_20260605191010.pdf' -> 'putusan_54_pk_pdt.sus-hki_2023_20260605191010.txt' (Lolos (Rasio: 0.88, Kata kunci ditemukan: ['mengadili', 'putusan', 'menimbang', 'merek']))
[2026-06-05 19:42:34] BERHASIL: 'putusan_5_pk_pdt.sus-hki_2023_20260605192225.pdf' -> 'putusan_5_pk_pdt.sus-hki_2023_20260605192225.txt' (Lolos (Rasio: 0.90, Kata kunci ditemukan: ['mengadili', 'putusan', 'menimbang', 'merek']))
[2026-06-05 19:42:35] BERHASIL: 'putusan_61_pk_pdt.sus-hki_2024_20260509111946.pdf' -> 'putusan_61_pk_pdt.sus-hki_2024_20260509111946.txt' (Lolos (Rasio: 0.89, Kata kunci ditemukan: ['putusan', 'menimbang', 'merek']))
[2026-06-05 19:42:35] BERHASIL: 'putusan_623_k_pdt.sus-hki_2024_20260507094541.pdf' -> 'putusan_623_k_pdt.sus-hki_2024_20260507094541.txt' (Lolos (Rasio: 0.89, Kata kunci ditemukan: ['mengadili', 'putusan', 'menimbang', 'merek']))
[2026-06-05 19:42:35] BERHASIL: 'putusan_652_k_pdt.sus-hki_2023_20260605191310.pdf' -> 'putusan_652_k_pdt.sus-hki_2023_20260605191310.txt' (Lolos (Rasio: 0.89, Kata kunci ditemukan: ['mengadili', 'putusan', 'menimbang', 'merek']))
[2026-06-05 19:42:35] BERHASIL: 'putusan_654_k_pdt.sus-hki_2024_20260507044233.pdf' -> 'putusan_654_k_pdt.sus-hki_2024_20260507044233.txt' (Lolos (Rasio: 0.88, Kata kunci ditemukan: ['mengadili', 'putusan', 'menimbang', 'merek']))
[2026-06-05 19:42:35] BERHASIL: 'putusan_655_k_pdt.sus-hki_2023_20260605191323.pdf' -> 'putusan_655_k_pdt.sus-hki_2023_20260605191323.txt' (Lolos (Rasio: 0.88, Kata kunci ditemukan: ['mengadili', 'putusan', 'menimbang', 'merek']))
[2026-06-05 19:42:36] BERHASIL: 'putusan_665_k_pdt.sus-hki_2023_20260605191510.pdf' -> 'putusan_665_k_pdt.sus-hki_2023_20260605191510.txt' (Lolos (Rasio: 0.90, Kata kunci ditemukan: ['mengadili', 'putusan', 'menimbang', 'merek']))
[2026-06-05 19:42:36] BERHASIL: 'putusan_705_k_pdt.sus-hki_2023_20260605191459.pdf' -> 'putusan_705_k_pdt.sus-hki_2023_20260605191459.txt' (Lolos (Rasio: 0.88, Kata kunci ditemukan: ['putusan', 'menimbang', 'merek']))
[2026-06-05 19:42:36] BERHASIL: 'putusan_706_k_pdt.sus-hki_2023_20260605191248.pdf' -> 'putusan_706_k_pdt.sus-hki_2023_20260605191248.txt' (Lolos (Rasio: 0.87, Kata kunci ditemukan: ['mengadili', 'putusan', 'menimbang', 'merek']))
[2026-06-05 19:42:36] BERHASIL: 'putusan_76_k_pdt.sus-hki_2024_20260430185726.pdf' -> 'putusan_76_k_pdt.sus-hki_2024_20260430185726.txt' (Lolos (Rasio: 0.88, Kata kunci ditemukan: ['mengadili', 'putusan', 'menimbang', 'merek']))
[2026-06-05 19:42:36] BERHASIL: 'putusan_791_k_pdt.sus-hki_2024_20260508143712.pdf' -> 'putusan_791_k_pdt.sus-hki_2024_20260508143712.txt' (Lolos (Rasio: 0.86, Kata kunci ditemukan: ['putusan', 'menimbang', 'merek']))
[2026-06-05 19:42:37] BERHASIL: 'putusan_830_k_pdt.sus-hki_2024_20260507093906.pdf' -> 'putusan_830_k_pdt.sus-hki_2024_20260507093906.txt' (Lolos (Rasio: 0.90, Kata kunci ditemukan: ['mengadili', 'putusan', 'menimbang', 'merek']))
[2026-06-05 19:42:37] BERHASIL: 'putusan_831_k_pdt.sus-hki_2024_20260506224537.pdf' -> 'putusan_831_k_pdt.sus-hki_2024_20260506224537.txt' (Lolos (Rasio: 0.90, Kata kunci ditemukan: ['mengadili', 'putusan', 'menimbang', 'merek']))
[2026-06-05 19:42:37] BERHASIL: 'putusan_947_k_pdt.sus-hki_2024_20260429104716.pdf' -> 'putusan_947_k_pdt.sus-hki_2024_20260429104716.txt' (Lolos (Rasio: 0.90, Kata kunci ditemukan: ['mengadili', 'putusan', 'menimbang', 'merek']))
[2026-06-05 19:42:37] BERHASIL: 'putusan_984_k_pdt.sus-hki_2024_20260509112330.pdf' -> 'putusan_984_k_pdt.sus-hki_2024_20260509112330.txt' (Lolos (Rasio: 0.89, Kata kunci ditemukan: ['mengadili', 'putusan', 'menimbang', 'merek']))
[2026-06-05 19:42:38] BERHASIL: 'putusan_989_k_pdt.sus-hki_2024_20260509112127.pdf' -> 'putusan_989_k_pdt.sus-hki_2024_20260509112127.txt' (Lolos (Rasio: 0.89, Kata kunci ditemukan: ['mengadili', 'putusan', 'menimbang', 'merek']))
[2026-06-05 19:42:38] BERHASIL: 'putusan_995_k_pdt.sus-hki_2024_20260507125222.pdf' -> 'putusan_995_k_pdt.sus-hki_2024_20260507125222.txt' (Lolos (Rasio: 0.89, Kata kunci ditemukan: ['mengadili', 'putusan', 'menimbang', 'merek']))
